// Jest Snapshot v1, https://goo.gl/fbAQLP

exports[`hello Component renders correctly 1`] = `
<h2>
  Hello from React!
</h2>
`;
